0 verbose cli /usr/local/bin/node /usr/local/bin/npm
1 info using npm@11.16.0
2 info using node@v24.18.0
3 silly config load:file:/usr/local/lib/node_modules/npm/npmrc
4 silly config load:file:/Users/luyoes/dev/커피 키오스크 화면/.npmrc
5 silly config load:file:/Users/luyoes/.npmrc
6 silly config load:file:/usr/local/etc/npmrc
7 verbose title npm view @supabase/supabase-js versions
8 verbose argv "view" "@supabase/supabase-js" "versions" "--json"
9 verbose logfile logs-max:10 dir:/Users/luyoes/dev/커피 키오스크 화면/.npm-cache/_logs/2026-08-03T07_37_17_989Z-
10 verbose logfile /Users/luyoes/dev/커피 키오스크 화면/.npm-cache/_logs/2026-08-03T07_37_17_989Z-debug-0.log
11 silly logfile done cleaning log files
12 http fetch GET 200 https://registry.npmjs.org/npm 281ms
13 http fetch GET 200 https://registry.npmjs.org/@supabase%2fsupabase-js 432ms (cache miss)
14 verbose cwd /Users/luyoes/dev/커피 키오스크 화면
15 verbose os Darwin 25.5.0
16 verbose node v24.18.0
17 verbose npm  v11.16.0
18 notice
18 notice New [31mmajor[39m version of npm available! [31m11.16.0[39m -> [34m12.0.2[39m
18 notice Changelog: [34mhttps://github.com/npm/cli/releases/tag/v12.0.2[39m
18 notice To update run: [4mnpm install -g npm@12.0.2[24m
18 notice  { force: true, Symbol(proc-log.meta): true }
19 verbose exit 0
20 info ok
