0 verbose cli /usr/local/bin/node /usr/local/bin/npm
1 info using npm@11.16.0
2 info using node@v24.18.0
3 silly config load:file:/usr/local/lib/node_modules/npm/npmrc
4 silly config load:file:/Users/luyoes/dev/커피 키오스크 화면/.npmrc
5 silly config load:file:/Users/luyoes/.npmrc
6 silly config load:file:/usr/local/etc/npmrc
7 verbose title npm install
8 verbose argv "install" "--cache" ".npm-cache"
9 verbose logfile logs-max:10 dir:/Users/luyoes/dev/커피 키오스크 화면/.npm-cache/_logs/2026-08-03T07_37_39_043Z-
10 verbose logfile /Users/luyoes/dev/커피 키오스크 화면/.npm-cache/_logs/2026-08-03T07_37_39_043Z-debug-0.log
11 silly logfile done cleaning log files
12 silly packumentCache heap:4496293888 maxSize:1124073472 maxEntrySize:562036736
13 silly idealTree buildDeps
14 silly fetch manifest @supabase/supabase-js@2.111.0
15 silly packumentCache full:https://registry.npmjs.org/@supabase%2fsupabase-js cache-miss
16 http cache https://registry.npmjs.org/@supabase%2fsupabase-js 76ms (cache hit)
17 silly packumentCache full:https://registry.npmjs.org/@supabase%2fsupabase-js set size:3851394 disposed:false
18 silly placeDep ROOT @supabase/supabase-js@2.111.0 OK for: coffee-kiosk@1.0.0 want: 2.111.0
19 silly fetch manifest @supabase/auth-js@2.111.0
20 silly packumentCache full:https://registry.npmjs.org/@supabase%2fauth-js cache-miss
21 silly fetch manifest @supabase/storage-js@2.111.0
22 silly packumentCache full:https://registry.npmjs.org/@supabase%2fstorage-js cache-miss
23 silly fetch manifest @supabase/realtime-js@2.111.0
24 silly packumentCache full:https://registry.npmjs.org/@supabase%2frealtime-js cache-miss
25 silly fetch manifest @supabase/functions-js@2.111.0
26 silly packumentCache full:https://registry.npmjs.org/@supabase%2ffunctions-js cache-miss
27 silly fetch manifest @supabase/postgrest-js@2.111.0
28 silly packumentCache full:https://registry.npmjs.org/@supabase%2fpostgrest-js cache-miss
29 http fetch GET 200 https://registry.npmjs.org/@supabase%2ffunctions-js 370ms (cache miss)
30 silly packumentCache full:https://registry.npmjs.org/@supabase%2ffunctions-js set size:undefined disposed:false
31 http fetch GET 200 https://registry.npmjs.org/@supabase%2fauth-js 425ms (cache miss)
32 silly packumentCache full:https://registry.npmjs.org/@supabase%2fauth-js set size:undefined disposed:false
33 http fetch GET 200 https://registry.npmjs.org/@supabase%2fstorage-js 449ms (cache miss)
34 silly packumentCache full:https://registry.npmjs.org/@supabase%2fstorage-js set size:undefined disposed:false
35 http fetch GET 200 https://registry.npmjs.org/@supabase%2fpostgrest-js 568ms (cache miss)
36 silly packumentCache full:https://registry.npmjs.org/@supabase%2fpostgrest-js set size:undefined disposed:false
37 http fetch GET 200 https://registry.npmjs.org/@supabase%2frealtime-js 1068ms (cache miss)
38 silly packumentCache full:https://registry.npmjs.org/@supabase%2frealtime-js set size:undefined disposed:false
39 silly placeDep ROOT @supabase/auth-js@2.111.0 OK for: @supabase/supabase-js@2.111.0 want: 2.111.0
40 silly placeDep ROOT @supabase/functions-js@2.111.0 OK for: @supabase/supabase-js@2.111.0 want: 2.111.0
41 silly placeDep ROOT @supabase/postgrest-js@2.111.0 OK for: @supabase/supabase-js@2.111.0 want: 2.111.0
42 silly placeDep ROOT @supabase/realtime-js@2.111.0 OK for: @supabase/supabase-js@2.111.0 want: 2.111.0
43 silly placeDep ROOT @supabase/storage-js@2.111.0 OK for: @supabase/supabase-js@2.111.0 want: 2.111.0
44 silly fetch manifest tslib@2.8.1
45 silly packumentCache full:https://registry.npmjs.org/tslib cache-miss
46 silly fetch manifest tslib@2.8.1
47 silly packumentCache full:https://registry.npmjs.org/tslib cache-miss
48 silly fetch manifest tslib@2.8.1
49 silly packumentCache full:https://registry.npmjs.org/tslib cache-miss
50 silly fetch manifest tslib@2.8.1
51 silly packumentCache full:https://registry.npmjs.org/tslib cache-miss
52 silly fetch manifest @supabase/phoenix@0.4.5
53 silly packumentCache full:https://registry.npmjs.org/@supabase%2fphoenix cache-miss
54 silly fetch manifest tslib@2.8.1
55 silly packumentCache full:https://registry.npmjs.org/tslib cache-miss
56 silly fetch manifest iceberg-js@^0.8.1
57 silly packumentCache full:https://registry.npmjs.org/iceberg-js cache-miss
58 http fetch GET 200 https://registry.npmjs.org/@supabase%2fphoenix 119ms (cache miss)
59 silly packumentCache full:https://registry.npmjs.org/@supabase%2fphoenix set size:undefined disposed:false
60 http fetch GET 200 https://registry.npmjs.org/tslib 130ms (cache miss)
61 silly packumentCache full:https://registry.npmjs.org/tslib set size:undefined disposed:false
62 http fetch GET 200 https://registry.npmjs.org/tslib 130ms (cache miss)
63 silly packumentCache full:https://registry.npmjs.org/tslib set size:undefined disposed:false
64 http fetch GET 200 https://registry.npmjs.org/tslib 134ms (cache miss)
65 silly packumentCache full:https://registry.npmjs.org/tslib set size:undefined disposed:false
66 http fetch GET 200 https://registry.npmjs.org/tslib 134ms (cache miss)
67 silly packumentCache full:https://registry.npmjs.org/tslib set size:undefined disposed:false
68 http fetch GET 200 https://registry.npmjs.org/tslib 441ms (cache miss)
69 silly packumentCache full:https://registry.npmjs.org/tslib set size:undefined disposed:false
70 http fetch GET 200 https://registry.npmjs.org/iceberg-js 446ms (cache miss)
71 silly packumentCache full:https://registry.npmjs.org/iceberg-js set size:undefined disposed:false
72 silly placeDep ROOT tslib@2.8.1 OK for: @supabase/auth-js@2.111.0 want: 2.8.1
73 silly placeDep ROOT @supabase/phoenix@0.4.5 OK for: @supabase/realtime-js@2.111.0 want: 0.4.5
74 silly placeDep ROOT iceberg-js@0.8.1 OK for: @supabase/storage-js@2.111.0 want: ^0.8.1
75 silly reify moves {}
76 silly audit bulk request {
76 silly audit   '@supabase/supabase-js': [ '2.111.0' ],
76 silly audit   '@supabase/auth-js': [ '2.111.0' ],
76 silly audit   '@supabase/functions-js': [ '2.111.0' ],
76 silly audit   '@supabase/postgrest-js': [ '2.111.0' ],
76 silly audit   '@supabase/realtime-js': [ '2.111.0' ],
76 silly audit   '@supabase/storage-js': [ '2.111.0' ],
76 silly audit   tslib: [ '2.8.1' ],
76 silly audit   '@supabase/phoenix': [ '0.4.5' ],
76 silly audit   'iceberg-js': [ '0.8.1' ]
76 silly audit }
77 http cache @supabase/phoenix@https://registry.npmjs.org/@supabase/phoenix/-/phoenix-0.4.5.tgz 0ms (cache hit)
78 http cache tslib@https://registry.npmjs.org/tslib/-/tslib-2.8.1.tgz 0ms (cache hit)
79 http cache @supabase/storage-js@https://registry.npmjs.org/@supabase/storage-js/-/storage-js-2.111.0.tgz 0ms (cache hit)
80 http cache @supabase/realtime-js@https://registry.npmjs.org/@supabase/realtime-js/-/realtime-js-2.111.0.tgz 0ms (cache hit)
81 http cache @supabase/postgrest-js@https://registry.npmjs.org/@supabase/postgrest-js/-/postgrest-js-2.111.0.tgz 0ms (cache hit)
82 http cache @supabase/functions-js@https://registry.npmjs.org/@supabase/functions-js/-/functions-js-2.111.0.tgz 0ms (cache hit)
83 http cache @supabase/auth-js@https://registry.npmjs.org/@supabase/auth-js/-/auth-js-2.111.0.tgz 0ms (cache hit)
84 http cache @supabase/supabase-js@https://registry.npmjs.org/@supabase/supabase-js/-/supabase-js-2.111.0.tgz 0ms (cache hit)
85 http cache iceberg-js@https://registry.npmjs.org/iceberg-js/-/iceberg-js-0.8.1.tgz 0ms (cache hit)
86 silly tarball no local data for @supabase/phoenix@https://registry.npmjs.org/@supabase/phoenix/-/phoenix-0.4.5.tgz. Extracting by manifest.
87 silly tarball no local data for tslib@https://registry.npmjs.org/tslib/-/tslib-2.8.1.tgz. Extracting by manifest.
88 silly tarball no local data for @supabase/storage-js@https://registry.npmjs.org/@supabase/storage-js/-/storage-js-2.111.0.tgz. Extracting by manifest.
89 silly tarball no local data for @supabase/realtime-js@https://registry.npmjs.org/@supabase/realtime-js/-/realtime-js-2.111.0.tgz. Extracting by manifest.
90 silly tarball no local data for @supabase/postgrest-js@https://registry.npmjs.org/@supabase/postgrest-js/-/postgrest-js-2.111.0.tgz. Extracting by manifest.
91 silly tarball no local data for @supabase/functions-js@https://registry.npmjs.org/@supabase/functions-js/-/functions-js-2.111.0.tgz. Extracting by manifest.
92 silly tarball no local data for @supabase/auth-js@https://registry.npmjs.org/@supabase/auth-js/-/auth-js-2.111.0.tgz. Extracting by manifest.
93 silly tarball no local data for @supabase/supabase-js@https://registry.npmjs.org/@supabase/supabase-js/-/supabase-js-2.111.0.tgz. Extracting by manifest.
94 silly tarball no local data for iceberg-js@https://registry.npmjs.org/iceberg-js/-/iceberg-js-0.8.1.tgz. Extracting by manifest.
95 http fetch GET 200 https://registry.npmjs.org/tslib/-/tslib-2.8.1.tgz 192ms (cache miss)
96 http fetch POST 200 https://registry.npmjs.org/-/npm/v1/security/advisories/bulk 300ms
97 silly audit report {}
98 http fetch GET 200 https://registry.npmjs.org/iceberg-js/-/iceberg-js-0.8.1.tgz 432ms (cache miss)
99 http fetch GET 200 https://registry.npmjs.org/@supabase/supabase-js/-/supabase-js-2.111.0.tgz 653ms (cache miss)
100 http fetch GET 200 https://registry.npmjs.org/@supabase/postgrest-js/-/postgrest-js-2.111.0.tgz 674ms (cache miss)
101 http fetch GET 200 https://registry.npmjs.org/@supabase/functions-js/-/functions-js-2.111.0.tgz 711ms (cache miss)
102 http fetch GET 200 https://registry.npmjs.org/@supabase/storage-js/-/storage-js-2.111.0.tgz 753ms (cache miss)
103 http fetch GET 200 https://registry.npmjs.org/@supabase/phoenix/-/phoenix-0.4.5.tgz 807ms (cache miss)
104 http fetch GET 200 https://registry.npmjs.org/@supabase/realtime-js/-/realtime-js-2.111.0.tgz 1096ms (cache miss)
105 http fetch GET 200 https://registry.npmjs.org/@supabase/auth-js/-/auth-js-2.111.0.tgz 1298ms (cache miss)
106 silly ADD node_modules/iceberg-js
107 silly ADD node_modules/@supabase/phoenix
108 silly ADD node_modules/tslib
109 silly ADD node_modules/@supabase/storage-js
110 silly ADD node_modules/@supabase/realtime-js
111 silly ADD node_modules/@supabase/postgrest-js
112 silly ADD node_modules/@supabase/functions-js
113 silly ADD node_modules/@supabase/auth-js
114 silly ADD node_modules/@supabase/supabase-js
115 verbose cwd /Users/luyoes/dev/커피 키오스크 화면
116 verbose os Darwin 25.5.0
117 verbose node v24.18.0
118 verbose npm  v11.16.0
119 verbose exit 0
120 info ok
