0 verbose cli /usr/local/bin/node /usr/local/bin/npm
1 info using npm@11.16.0
2 info using node@v24.18.0
3 silly config load:file:/usr/local/lib/node_modules/npm/npmrc
4 silly config load:file:/Users/luyoes/dev/커피 키오스크 화면/.npmrc
5 silly config load:file:/Users/luyoes/.npmrc
6 silly config load:file:/usr/local/etc/npmrc
7 verbose title npm install
8 verbose argv "install" "--cache" ".npm-cache"
9 verbose logfile logs-max:10 dir:/Users/luyoes/dev/커피 키오스크 화면/.npm-cache/_logs/2026-08-03T07_39_11_499Z-
10 verbose logfile /Users/luyoes/dev/커피 키오스크 화면/.npm-cache/_logs/2026-08-03T07_39_11_499Z-debug-0.log
11 silly logfile done cleaning log files
12 silly packumentCache heap:4496293888 maxSize:1124073472 maxEntrySize:562036736
13 silly idealTree buildDeps
14 silly reify moves {}
15 silly audit bulk request {
15 silly audit   '@supabase/auth-js': [ '2.111.0' ],
15 silly audit   '@supabase/functions-js': [ '2.111.0' ],
15 silly audit   '@supabase/phoenix': [ '0.4.5' ],
15 silly audit   '@supabase/postgrest-js': [ '2.111.0' ],
15 silly audit   '@supabase/realtime-js': [ '2.111.0' ],
15 silly audit   '@supabase/storage-js': [ '2.111.0' ],
15 silly audit   '@supabase/supabase-js': [ '2.111.0' ],
15 silly audit   'iceberg-js': [ '0.8.1' ],
15 silly audit   tslib: [ '2.8.1' ]
15 silly audit }
16 http fetch POST 200 https://registry.npmjs.org/-/npm/v1/security/advisories/bulk 275ms
17 silly audit report {}
18 verbose cwd /Users/luyoes/dev/커피 키오스크 화면
19 verbose os Darwin 25.5.0
20 verbose node v24.18.0
21 verbose npm  v11.16.0
22 verbose exit 0
23 info ok
